Count: 1
Data:
1. Triangle: color = light blue, a=(5, 6), b=(7, 8), c=(9, 0)
Sorted:
1. Triangle: color = light blue, a=(5, 6), b=(7, 8), c=(9, 0)
